════════════════════════════════════════════════════════════════
 AURA BUSINESS — JOURNAL DE RECETTE
 commit      : a99c33b7e58bf89918bc11f04fc710bbcc7c42d7
 branche     : master
 arbre propre: OUI
 date        : 2026-09-15 20:01 UTC
 node        : v22.22.2  |  playwright : 1.56.0
 commande    : npm test   (= node tests/recette.js && node tests/registre-avec-runtime-simule.js)
════════════════════════════════════════════════════════════════

── tests/recette.js ──
PASS  — image d'ambiance chargée
PASS  — contenu complet rendu
PASS  — lien d'évitement présent (a11y)
PASS  — feuille de commande ouverte
PASS  — brief vide bloqué
PASS  — identifiant Instagram invalide refusé
PASS  — total 90+25
PASS  — retour arrière possible
PASS  — remise = dialogue explicite, pas de redirection silencieuse
PASS  — message complet dans le dialogue
PASS  — carte de club créée
PASS  — code cryptographique
PASS  — aucune injection depuis le champ client
PASS  — desktop : aucun débordement
PASS  — mobile : aucun débordement
PASS  — mobile : menu ouvrable et langues accessibles
PASS  — mobile : navigation ferme le menu et navigue
PASS  — mouvement réduit : tout le contenu visible
PASS  — registre lit : Déjà prêt (format actuel)  [ready/2/80]
PASS  — registre lit : Déjà prêt (ancien format en circulation)  [ready/2/80]
PASS  — registre lit : Pack sur brief  [brief/2/90]
PASS  — registre lit : Pack n°4  [brief/4/250]
N/A   — enregistrement réel : registre hors ligne hors plateforme (testé séparément avec runtime simulé)
PASS  — mode hors ligne annoncé sans erreur silencieuse
PASS  — back-office : aucun débordement

25 contrôles — 25 PASS, 0 ÉCHEC
ERREURS JS : aucune
code de sortie : 0

── tests/registre-avec-runtime-simule.js ──
registre : Registre connecté
  enregistré : Night 80€ (déjà prêt)
  enregistré : House 200€ (déjà prêt)
  enregistré : Signature 90€ (brief, parrainé)
commandes au registre : 3
tuiles : 370€ | 0€ | 123€ | 1 | 45€
  attendu CA = 80+200+90 = 370€  → OK
  attendu commission (Signature parrainé) = 45€ → OK
  Crew : CodeCommandesLivréesCA apportéPart dueAURA-40211190€45€
erreurs JS : aucune
code de sortie : 0

RÉSULTAT GLOBAL : VERT (0)
